// Jest Snapshot v1, https://goo.gl/fbAQLP

exports[`WelcomFunction renders correctly 1`] = `
<div>
  Hello world - fourth method - Functional Component
</div>
`;
