// Jest Snapshot v1, https://goo.gl/fbAQLP

exports[`MovieElement MovieElement -> Click on Movie card (open) 1`] = `ReactWrapper {}`;

exports[`MovieElement renders correctly 1`] = `
<div
  className="movie_element"
  onClick={[Function]}
  role="presentation"
>
  <Unknown
    alt="Mobile Homes"
    src="https://image.tmdb.org/t/p/w500/of72rtl3j0C9yJMlSJZHXnaByz8.jpg"
  />
  <div
    className="wrapper_title_year"
  >
    <span
      className="title"
    >
      Mobile Homes
    </span>
    <span
      className="year"
    >
      2018
    </span>
  </div>
  <Genres
    data={
      Array [
        "Drama",
      ]
    }
  />
</div>
`;

exports[`MovieElement renders without data correctly 1`] = `null`;
