// Jest Snapshot v1, https://goo.gl/fbAQLP

exports[`Button renders correctly 1`] = `
<button
  className="header_button"
  onClick={[Function]}
  type="button"
>
  text
</button>
`;
