// Jest Snapshot v1, https://goo.gl/fbAQLP

exports[`WelcomComponent renders correctly 1`] = `
<div>
  Hello World - second method - React.Component
</div>
`;
