// Jest Snapshot v1, https://goo.gl/fbAQLP

exports[`ImagePoster renders correctly 1`] = `
<img
  alt="test"
  className="movie_element_poster"
  src="test"
/>
`;
