// Jest Snapshot v1, https://goo.gl/fbAQLP

exports[`App renders correctly 1`] = `
<main
  className="main"
>
  <ErrorBoundary>
    <Header />
    <ResultLine />
    <MoviesGrid />
    <Footer />
  </ErrorBoundary>
</main>
`;
